
*** Running vivado
    with args -log bdesign_clock_core_wrapper.vds -m64 -product Vivado -mode batch -messageDb vivado.pb -notrace -source bdesign_clock_core_wrapper.tcl



****** Vivado v2025.2 (64-bit)
  **** SW Build 6299465 on Fri Nov 14 19:35:11 GMT 2025
  **** IP Build 6300035 on Fri Nov 14 10:48:45 MST 2025
  **** SharedData Build 6298862 on Thu Nov 13 04:50:51 MST 2025
  **** Start of session at: Thu May 21 20:30:44 2026
    ** Copyright 1986-2022 Xilinx, Inc. All Rights Reserved.
    ** Copyright 2022-2025 Advanced Micro Devices, Inc. All Rights Reserved.

source bdesign_clock_core_wrapper.tcl -notrace
create_project: Time (s): cpu = 00:00:16 ; elapsed = 00:00:12 . Memory (MB): peak = 536.535 ; gain = 221.430
INFO: [IP_Flow 19-234] Refreshing IP repositories
WARNING: [IP_Flow 19-3685] Ignored loading user repository 'c:/tesi2s/ip_repo/tes_1_0'. The path is contained within another repository.
INFO: [IP_Flow 19-1700] Loaded user IP repository 'c:/tesi2s/ip_repo'.
INFO: [IP_Flow 19-2313] Loaded Vivado IP repository 'D:/2025.2/Vivado/data/ip'.
WARNING: [IP_Flow 19-1663] Duplicate IP found for 'xilinx.com:user:axi_7segment:1.0'. The one found in IP location 'c:/tesi2s/ip_repo/axi_7segment_1_0 copy' will take precedence over the same IP in location c:/tesi2s/ip_repo/axi_7segment_1_0
add_files: Time (s): cpu = 00:00:09 ; elapsed = 00:00:09 . Memory (MB): peak = 569.297 ; gain = 25.137
Command: read_checkpoint -auto_incremental -incremental C:/tesi2s/nobufgmux_dds/nobufgmux.srcs/utils_1/imports/synth_1/bdesign_clock_core_wrapper.dcp
INFO: [Vivado 12-5825] Read reference checkpoint from C:/tesi2s/nobufgmux_dds/nobufgmux.srcs/utils_1/imports/synth_1/bdesign_clock_core_wrapper.dcp for incremental synthesis
INFO: [Vivado 12-7989] Please ensure there are no constraint changes
Command: synth_design -top bdesign_clock_core_wrapper -part xc7a35tcpg236-1
Starting synth_design
Attempting to get a license for feature 'Synthesis' and/or device 'xc7a35t'
INFO: [Common 17-349] Got license for feature 'Synthesis' and/or device 'xc7a35t'
INFO: [Device 21-403] Loading part xc7a35tcpg236-1
INFO: [Designutils 20-5440] No compile time benefit to using incremental synthesis; A full resynthesis will be run
INFO: [Designutils 20-4379] Flow is switching to default flow due to incremental criteria not met. If you would like to alter this behaviour and have the flow terminate instead, please set the following parameter config_implementation {autoIncr.Synth.RejectBehavior Terminate}
INFO: [Synth 8-7079] Multithreading enabled for synth_design using a maximum of 2 processes.
INFO: [Synth 8-7078] Launching helper process for spawning children vivado processes
INFO: [Synth 8-7075] Helper process launched with PID 9604
---------------------------------------------------------------------------------
Starting RTL Elaboration : Time (s): cpu = 00:00:36 ; elapsed = 00:01:08 . Memory (MB): peak = 1327.527 ; gain = 542.535
---------------------------------------------------------------------------------
WARNING: [Synth 8-6901] identifier 'current_latch_status' is used before its declaration [c:/tesi2s/nobufgmux_dds/nobufgmux.gen/sources_1/bd/bdesign_clock_core/ipshared/8743/hdl/i2s_dds_slave_lite_v1_0_S00_AXI.v:329]
ERROR: [Synth 8-7136] In the module 'i2s_dds' declared at 'c:/tesi2s/nobufgmux_dds/nobufgmux.gen/sources_1/bd/bdesign_clock_core/ipshared/8743/hdl/i2s_dds.v:15', parameter 'C_S00_AXI_DATA_WIDTH' used as named parameter override, does not exist [c:/tesi2s/nobufgmux_dds/nobufgmux.gen/sources_1/bd/bdesign_clock_core/ip/bdesign_clock_core_i2s_dds_0_0/synth/bdesign_clock_core_i2s_dds_0_0.v:153]
ERROR: [Synth 8-6156] failed synthesizing module 'bdesign_clock_core_i2s_dds_0_0' [c:/tesi2s/nobufgmux_dds/nobufgmux.gen/sources_1/bd/bdesign_clock_core/ip/bdesign_clock_core_i2s_dds_0_0/synth/bdesign_clock_core_i2s_dds_0_0.v:53]
ERROR: [Synth 8-6156] failed synthesizing module 'bdesign_clock_core' [c:/tesi2s/nobufgmux_dds/nobufgmux.gen/sources_1/bd/bdesign_clock_core/synth/bdesign_clock_core.v:13]
ERROR: [Synth 8-6156] failed synthesizing module 'bdesign_clock_core_wrapper' [C:/tesi2s/nobufgmux_dds/nobufgmux.gen/sources_1/bd/bdesign_clock_core/hdl/bdesign_clock_core_wrapper.v:13]
ERROR: [Common 17-1257] Failed to create directory 'C'.
RTL Elaboration failed
INFO: [Common 17-83] Releasing license: Synthesis
180 Infos, 16 Warnings, 0 Critical Warnings and 5 Errors encountered.
synth_design failed
synth_design: Time (s): cpu = 00:01:30 ; elapsed = 00:02:44 . Memory (MB): peak = 2040.941 ; gain = 1444.164
ERROR: [Common 17-69] Command failed: Synthesis failed - please see the console or run log file for details
INFO: [Common 17-206] Exiting Vivado at Thu May 21 20:34:06 2026...
