Copyright 1986-2022 Xilinx, Inc. All Rights Reserved. Copyright 2022-2025 Advanced Micro Devices, Inc. All Rights Reserved.
---------------------------------------------------------------------------------------------------------------------------------------------------------------------
| Tool Version : Vivado v.2025.2 (win64) Build 6299465 Fri Nov 14 19:35:11 GMT 2025
| Date         : Tue May 26 21:47:58 2026
| Host         : DESKTOP-HTVV1N1 running 64-bit major release  (build 9200)
| Command      : report_drc -file bdesign_clock_core_wrapper_drc_opted.rpt -pb bdesign_clock_core_wrapper_drc_opted.pb -rpx bdesign_clock_core_wrapper_drc_opted.rpx
| Design       : bdesign_clock_core_wrapper
| Device       : xc7a35tcpg236-1
| Speed File   : -1
| Design State : Synthesized
---------------------------------------------------------------------------------------------------------------------------------------------------------------------

Report DRC

Table of Contents
-----------------
1. REPORT SUMMARY
2. REPORT DETAILS

1. REPORT SUMMARY
-----------------
            Netlist: netlist
          Floorplan: design_1
      Design limits: <entire design considered>
           Ruledeck: default
             Max checks: <unlimited>
             Checks found: 3
+--------+----------+------------------------+--------+
| Rule   | Severity | Description            | Checks |
+--------+----------+------------------------+--------+
| DPIP-1 | Warning  | Input pipelining       | 2      |
| DPOP-2 | Warning  | MREG Output pipelining | 1      |
+--------+----------+------------------------+--------+

2. REPORT DETAILS
-----------------
DPIP-1#1 Warning
Input pipelining  
DSP bdesign_clock_core_i/i2s_dds_0/inst/i2s_dds_slave_lite_v1_0_S00_AXI_inst/phase_acc_q0 input bdesign_clock_core_i/i2s_dds_0/inst/i2s_dds_slave_lite_v1_0_S00_AXI_inst/phase_acc_q0/A[29:0] is not pipelined. Pipelining DSP48 input will improve performance.
Related violations: <none>

DPIP-1#2 Warning
Input pipelining  
DSP bdesign_clock_core_i/i2s_dds_0/inst/i2s_dds_slave_lite_v1_0_S00_AXI_inst/phase_acc_q0 input bdesign_clock_core_i/i2s_dds_0/inst/i2s_dds_slave_lite_v1_0_S00_AXI_inst/phase_acc_q0/C[47:0] is not pipelined. Pipelining DSP48 input will improve performance.
Related violations: <none>

DPOP-2#1 Warning
MREG Output pipelining  
DSP bdesign_clock_core_i/i2s_dds_0/inst/i2s_dds_slave_lite_v1_0_S00_AXI_inst/phase_acc_q0 multiplier stage bdesign_clock_core_i/i2s_dds_0/inst/i2s_dds_slave_lite_v1_0_S00_AXI_inst/phase_acc_q0/P[47:0] is not pipelined (MREG=0). Pipelining the multiplier function will improve performance and will save significant power so it is suggested whenever possible to fully pipeline this function.  If this multiplier was inferred, it is suggested to describe an additional register stage after this function.  If there is no registered adder/accumulator following the multiply function, two pipeline stages are suggested to allow both the MREG and PREG registers to be used.  If the DSP48 was instantiated in the design, it is suggested to set both the MREG and PREG attributes to 1 when performing multiply functions.
Related violations: <none>


