
*** Running vivado
    with args -log bdesign_clock_core_wrapper.vdi -applog -m64 -product Vivado -messageDb vivado.pb -mode batch -source bdesign_clock_core_wrapper.tcl -notrace



****** Vivado v2025.2 (64-bit)
  **** SW Build 6299465 on Fri Nov 14 19:35:11 GMT 2025
  **** IP Build 6300035 on Fri Nov 14 10:48:45 MST 2025
  **** SharedData Build 6298862 on Thu Nov 13 04:50:51 MST 2025
  **** Start of session at: Tue May 26 21:43:09 2026
    ** Copyright 1986-2022 Xilinx, Inc. All Rights Reserved.
    ** Copyright 2022-2025 Advanced Micro Devices, Inc. All Rights Reserved.

source bdesign_clock_core_wrapper.tcl -notrace
create_project: Time (s): cpu = 00:00:34 ; elapsed = 00:01:07 . Memory (MB): peak = 535.527 ; gain = 220.312
INFO: [IP_Flow 19-234] Refreshing IP repositories
WARNING: [IP_Flow 19-3685] Ignored loading user repository 'c:/tesi2s/ip_repo/tes_1_0'. The path is contained within another repository.
INFO: [IP_Flow 19-1700] Loaded user IP repository 'c:/tesi2s/ip_repo'.
INFO: [IP_Flow 19-2313] Loaded Vivado IP repository 'D:/2025.2/Vivado/data/ip'.
WARNING: [IP_Flow 19-1663] Duplicate IP found for 'xilinx.com:user:axi_7segment:1.0'. The one found in IP location 'c:/tesi2s/ip_repo/axi_7segment_1_0 copy' will take precedence over the same IP in location c:/tesi2s/ip_repo/axi_7segment_1_0
add_files: Time (s): cpu = 00:00:22 ; elapsed = 00:00:30 . Memory (MB): peak = 600.441 ; gain = 55.039
Command: link_design -top bdesign_clock_core_wrapper -part xc7a35tcpg236-1
Design is defaulting to srcset: sources_1
Design is defaulting to constrset: constrs_1
INFO: [Device 21-403] Loading part xc7a35tcpg236-1
Netlist sorting complete. Time (s): cpu = 00:00:02 ; elapsed = 00:00:02 . Memory (MB): peak = 834.758 ; gain = 0.000
INFO: [Netlist 29-17] Analyzing 212 Unisim elements for replacement
INFO: [Netlist 29-28] Unisim Transformation completed in 0 CPU seconds
INFO: [Project 1-479] Netlist was created with Vivado 2025.2
INFO: [Project 1-570] Preparing netlist for logic optimization
Parsing XDC File [c:/tesi2s/nobufgmux_dds/nobufgmux/nobufgmux.gen/sources_1/bd/bdesign_clock_core/ip/bdesign_clock_core_clk_wiz_0_0/bdesign_clock_core_clk_wiz_0_0_board.xdc] for cell 'bdesign_clock_core_i/clk_wiz_0/inst'
Finished Parsing XDC File [c:/tesi2s/nobufgmux_dds/nobufgmux/nobufgmux.gen/sources_1/bd/bdesign_clock_core/ip/bdesign_clock_core_clk_wiz_0_0/bdesign_clock_core_clk_wiz_0_0_board.xdc] for cell 'bdesign_clock_core_i/clk_wiz_0/inst'
Parsing XDC File [c:/tesi2s/nobufgmux_dds/nobufgmux/nobufgmux.gen/sources_1/bd/bdesign_clock_core/ip/bdesign_clock_core_clk_wiz_0_0/bdesign_clock_core_clk_wiz_0_0.xdc] for cell 'bdesign_clock_core_i/clk_wiz_0/inst'
INFO: [Timing 38-35] Done setting XDC timing constraints. [c:/tesi2s/nobufgmux_dds/nobufgmux/nobufgmux.gen/sources_1/bd/bdesign_clock_core/ip/bdesign_clock_core_clk_wiz_0_0/bdesign_clock_core_clk_wiz_0_0.xdc:54]
INFO: [Timing 38-2] Deriving generated clocks [c:/tesi2s/nobufgmux_dds/nobufgmux/nobufgmux.gen/sources_1/bd/bdesign_clock_core/ip/bdesign_clock_core_clk_wiz_0_0/bdesign_clock_core_clk_wiz_0_0.xdc:54]
get_clocks: Time (s): cpu = 00:00:22 ; elapsed = 00:00:25 . Memory (MB): peak = 1520.762 ; gain = 547.785
Finished Parsing XDC File [c:/tesi2s/nobufgmux_dds/nobufgmux/nobufgmux.gen/sources_1/bd/bdesign_clock_core/ip/bdesign_clock_core_clk_wiz_0_0/bdesign_clock_core_clk_wiz_0_0.xdc] for cell 'bdesign_clock_core_i/clk_wiz_0/inst'
Parsing XDC File [c:/tesi2s/nobufgmux_dds/nobufgmux/nobufgmux.gen/sources_1/bd/bdesign_clock_core/ip/bdesign_clock_core_microblaze_riscv_0_0/bdesign_clock_core_microblaze_riscv_0_0.xdc] for cell 'bdesign_clock_core_i/microblaze_riscv_0/U0'
Finished Parsing XDC File [c:/tesi2s/nobufgmux_dds/nobufgmux/nobufgmux.gen/sources_1/bd/bdesign_clock_core/ip/bdesign_clock_core_microblaze_riscv_0_0/bdesign_clock_core_microblaze_riscv_0_0.xdc] for cell 'bdesign_clock_core_i/microblaze_riscv_0/U0'
Parsing XDC File [c:/tesi2s/nobufgmux_dds/nobufgmux/nobufgmux.gen/sources_1/bd/bdesign_clock_core/ip/bdesign_clock_core_rst_clk_wiz_0_100M_0/bdesign_clock_core_rst_clk_wiz_0_100M_0_board.xdc] for cell 'bdesign_clock_core_i/rst_clk_wiz_0_100M/U0'
Finished Parsing XDC File [c:/tesi2s/nobufgmux_dds/nobufgmux/nobufgmux.gen/sources_1/bd/bdesign_clock_core/ip/bdesign_clock_core_rst_clk_wiz_0_100M_0/bdesign_clock_core_rst_clk_wiz_0_100M_0_board.xdc] for cell 'bdesign_clock_core_i/rst_clk_wiz_0_100M/U0'
Parsing XDC File [c:/tesi2s/nobufgmux_dds/nobufgmux/nobufgmux.gen/sources_1/bd/bdesign_clock_core/ip/bdesign_clock_core_axi_smc_0/bd_0/ip/ip_1/bd_128c_psr_aclk_0_board.xdc] for cell 'bdesign_clock_core_i/axi_smc/inst/clk_map/psr_aclk/U0'
Finished Parsing XDC File [c:/tesi2s/nobufgmux_dds/nobufgmux/nobufgmux.gen/sources_1/bd/bdesign_clock_core/ip/bdesign_clock_core_axi_smc_0/bd_0/ip/ip_1/bd_128c_psr_aclk_0_board.xdc] for cell 'bdesign_clock_core_i/axi_smc/inst/clk_map/psr_aclk/U0'
Parsing XDC File [c:/tesi2s/nobufgmux_dds/nobufgmux/nobufgmux.gen/sources_1/bd/bdesign_clock_core/ip/bdesign_clock_core_axi_smc_0/smartconnect.xdc] for cell 'bdesign_clock_core_i/axi_smc/inst'
Finished Parsing XDC File [c:/tesi2s/nobufgmux_dds/nobufgmux/nobufgmux.gen/sources_1/bd/bdesign_clock_core/ip/bdesign_clock_core_axi_smc_0/smartconnect.xdc] for cell 'bdesign_clock_core_i/axi_smc/inst'
Parsing XDC File [c:/tesi2s/nobufgmux_dds/nobufgmux/nobufgmux.gen/sources_1/bd/bdesign_clock_core/ip/bdesign_clock_core_axi_uartlite_0_0/bdesign_clock_core_axi_uartlite_0_0_board.xdc] for cell 'bdesign_clock_core_i/axi_uartlite_0/U0'
Finished Parsing XDC File [c:/tesi2s/nobufgmux_dds/nobufgmux/nobufgmux.gen/sources_1/bd/bdesign_clock_core/ip/bdesign_clock_core_axi_uartlite_0_0/bdesign_clock_core_axi_uartlite_0_0_board.xdc] for cell 'bdesign_clock_core_i/axi_uartlite_0/U0'
Parsing XDC File [C:/tesi2s/nobufgmux_dds/nobufgmux/nobufgmux.srcs/constrs_1/new/constrn.xdc]
WARNING: [Constraints 18-619] A clock with name 'sys_clock' already exists, overwriting the previous clock with the same name. [C:/tesi2s/nobufgmux_dds/nobufgmux/nobufgmux.srcs/constrs_1/new/constrn.xdc:9]
CRITICAL WARNING: [Constraints 18-1056] Clock 'internal_mclk_from_44' completely overrides clock 'internal_mclk_from_48'.
New: create_generated_clock -name internal_mclk_from_44 -source [get_pins -hierarchical *clk_wiz_0/clk_out3] -divide_by 1 [get_nets -hierarchical *internal_mclk], [C:/tesi2s/nobufgmux_dds/nobufgmux/nobufgmux.srcs/constrs_1/new/constrn.xdc:169]
Previous: create_generated_clock -name internal_mclk_from_48 -source [get_pins -hierarchical *clk_wiz_0/clk_out2] -divide_by 1 [get_nets -hierarchical *internal_mclk], [C:/tesi2s/nobufgmux_dds/nobufgmux/nobufgmux.srcs/constrs_1/new/constrn.xdc:168]
Resolution: Review the constraint files and remove the redundant clock definition(s). If the clock constraints are not saved in a file, you can first save the constraints to an XDC file and reload the design once the constraints have been corrected.
CRITICAL WARNING: [Vivado 12-4739] set_clock_groups:No valid object(s) found for '-group [get_clocks -quiet internal_mclk_from_48]'. [C:/tesi2s/nobufgmux_dds/nobufgmux/nobufgmux.srcs/constrs_1/new/constrn.xdc:177]
Resolution: Check if the specified object(s) exists in the current design. If it does, ensure that the correct design hierarchy was specified for the object. If you are working with clocks, make sure create_clock was used to create the clock object before it is referenced.
CRITICAL WARNING: [Vivado 12-4739] set_clock_groups:No valid object(s) found for '-group '. [C:/tesi2s/nobufgmux_dds/nobufgmux/nobufgmux.srcs/constrs_1/new/constrn.xdc:177]
Resolution: Check if the specified object(s) exists in the current design. If it does, ensure that the correct design hierarchy was specified for the object. If you are working with clocks, make sure create_clock was used to create the clock object before it is referenced.
WARNING: [Vivado 12-180] No cells matched '*mclk_mux_inst/q*_d1_reg*'. [C:/tesi2s/nobufgmux_dds/nobufgmux/nobufgmux.srcs/constrs_1/new/constrn.xdc:187]
CRITICAL WARNING: [Vivado 12-4739] set_false_path:No valid object(s) found for '-to [get_cells -hierarchical *mclk_mux_inst/q*_d1_reg*]'. [C:/tesi2s/nobufgmux_dds/nobufgmux/nobufgmux.srcs/constrs_1/new/constrn.xdc:187]
Resolution: Check if the specified object(s) exists in the current design. If it does, ensure that the correct design hierarchy was specified for the object. If you are working with clocks, make sure create_clock was used to create the clock object before it is referenced.
Finished Parsing XDC File [C:/tesi2s/nobufgmux_dds/nobufgmux/nobufgmux.srcs/constrs_1/new/constrn.xdc]
Parsing XDC File [c:/tesi2s/nobufgmux_dds/nobufgmux/nobufgmux.gen/sources_1/bd/bdesign_clock_core/ip/bdesign_clock_core_mdm_1_0/bdesign_clock_core_mdm_1_0.xdc] for cell 'bdesign_clock_core_i/mdm_1/U0'
WARNING: [Vivado_Tcl 4-919] Waiver ID 'CDC-1' -from list should not be empty. [c:/tesi2s/nobufgmux_dds/nobufgmux/nobufgmux.gen/sources_1/bd/bdesign_clock_core/ip/bdesign_clock_core_mdm_1_0/bdesign_clock_core_mdm_1_0.xdc:30]
WARNING: [Vivado_Tcl 4-919] Waiver ID 'CDC-1' -from list should not be empty. [c:/tesi2s/nobufgmux_dds/nobufgmux/nobufgmux.gen/sources_1/bd/bdesign_clock_core/ip/bdesign_clock_core_mdm_1_0/bdesign_clock_core_mdm_1_0.xdc:31]
WARNING: [Vivado_Tcl 4-919] Waiver ID 'CDC-2' -from list should not be empty. [c:/tesi2s/nobufgmux_dds/nobufgmux/nobufgmux.gen/sources_1/bd/bdesign_clock_core/ip/bdesign_clock_core_mdm_1_0/bdesign_clock_core_mdm_1_0.xdc:39]
WARNING: [Vivado_Tcl 4-919] Waiver ID 'CDC-7' -from list should not be empty. [c:/tesi2s/nobufgmux_dds/nobufgmux/nobufgmux.gen/sources_1/bd/bdesign_clock_core/ip/bdesign_clock_core_mdm_1_0/bdesign_clock_core_mdm_1_0.xdc:40]
WARNING: [Vivado_Tcl 4-919] Waiver ID 'CDC-10' -from list should not be empty. [c:/tesi2s/nobufgmux_dds/nobufgmux/nobufgmux.gen/sources_1/bd/bdesign_clock_core/ip/bdesign_clock_core_mdm_1_0/bdesign_clock_core_mdm_1_0.xdc:41]
WARNING: [Vivado_Tcl 4-919] Waiver ID 'CDC-11' -from list should not be empty. [c:/tesi2s/nobufgmux_dds/nobufgmux/nobufgmux.gen/sources_1/bd/bdesign_clock_core/ip/bdesign_clock_core_mdm_1_0/bdesign_clock_core_mdm_1_0.xdc:42]
WARNING: [Vivado_Tcl 4-919] Waiver ID 'CDC-13' -from list should not be empty. [c:/tesi2s/nobufgmux_dds/nobufgmux/nobufgmux.gen/sources_1/bd/bdesign_clock_core/ip/bdesign_clock_core_mdm_1_0/bdesign_clock_core_mdm_1_0.xdc:46]
WARNING: [Vivado_Tcl 4-919] Waiver ID 'CDC-15' -from list should not be empty. [c:/tesi2s/nobufgmux_dds/nobufgmux/nobufgmux.gen/sources_1/bd/bdesign_clock_core/ip/bdesign_clock_core_mdm_1_0/bdesign_clock_core_mdm_1_0.xdc:48]
WARNING: [Vivado_Tcl 4-919] Waiver ID 'CDC-15' -from list should not be empty. [c:/tesi2s/nobufgmux_dds/nobufgmux/nobufgmux.gen/sources_1/bd/bdesign_clock_core/ip/bdesign_clock_core_mdm_1_0/bdesign_clock_core_mdm_1_0.xdc:49]
Finished Parsing XDC File [c:/tesi2s/nobufgmux_dds/nobufgmux/nobufgmux.gen/sources_1/bd/bdesign_clock_core/ip/bdesign_clock_core_mdm_1_0/bdesign_clock_core_mdm_1_0.xdc] for cell 'bdesign_clock_core_i/mdm_1/U0'
INFO: [Project 1-1714] 50 XPM XDC files have been applied to the design.
INFO: [Opt 31-138] Pushed 0 inverter(s) to 0 load pin(s).
Generating merged BMM file for the design top 'bdesign_clock_core_wrapper'...
INFO: [Memdata 28-144] Successfully populated the BRAM INIT strings from the following elf files: c:/tesi2s/nobufgmux_dds/nobufgmux/nobufgmux.gen/sources_1/bd/bdesign_clock_core/ip/bdesign_clock_core_microblaze_riscv_0_0/data/riscv_bootloop.elf 
Netlist sorting complete. Time (s): cpu = 00:00:00 ; elapsed = 00:00:00.013 . Memory (MB): peak = 1522.738 ; gain = 0.000
INFO: [Project 1-111] Unisim Transformation Summary:
  A total of 64 instances were transformed.
  LUT6_2 => LUT6_2 (LUT5, LUT6): 48 instances
  RAM32M => RAM32M (RAMD32(x6), RAMS32(x2)): 16 instances

14 Infos, 13 Warnings, 4 Critical Warnings and 0 Errors encountered.
link_design completed successfully
link_design: Time (s): cpu = 00:00:56 ; elapsed = 00:01:08 . Memory (MB): peak = 1522.738 ; gain = 922.297
Command: opt_design
Attempting to get a license for feature 'Implementation' and/or device 'xc7a35t'
INFO: [Common 17-349] Got license for feature 'Implementation' and/or device 'xc7a35t'
Running DRC as a precondition to command opt_design

Starting DRC Task
INFO: [DRC 23-27] Running DRC with 2 threads
INFO: [Project 1-461] DRC finished with 0 Errors
INFO: [Project 1-462] Please refer to the DRC report (report_drc) for more information.

Time (s): cpu = 00:00:04 ; elapsed = 00:00:03 . Memory (MB): peak = 1522.738 ; gain = 0.000

Starting Cache Timing Information Task
INFO: [Timing 38-35] Done setting XDC timing constraints.
Ending Cache Timing Information Task | Checksum: 25f2879bf

Time (s): cpu = 00:00:02 ; elapsed = 00:00:01 . Memory (MB): peak = 1522.738 ; gain = 0.000

Starting Logic Optimization Task

Phase 1 Initialization

Phase 1.1 Core Generation And Design Setup
Phase 1.1 Core Generation And Design Setup | Checksum: 25f2879bf

Time (s): cpu = 00:00:00 ; elapsed = 00:00:00.069 . Memory (MB): peak = 1962.512 ; gain = 0.000

Phase 1.2 Setup Constraints And Sort Netlist
Phase 1.2 Setup Constraints And Sort Netlist | Checksum: 25f2879bf

Time (s): cpu = 00:00:00 ; elapsed = 00:00:00.128 . Memory (MB): peak = 1962.512 ; gain = 0.000
Phase 1 Initialization | Checksum: 25f2879bf

Time (s): cpu = 00:00:00 ; elapsed = 00:00:00.136 . Memory (MB): peak = 1962.512 ; gain = 0.000

Phase 2 Timer Update And Timing Data Collection

Phase 2.1 Detect if minReqCache needed
Phase 2.1 Detect if minReqCache needed | Checksum: 25f2879bf

Time (s): cpu = 00:00:00 ; elapsed = 00:00:00.408 . Memory (MB): peak = 1962.512 ; gain = 0.000

Phase 2.2 Timer Update
Phase 2.2 Timer Update | Checksum: 25f2879bf

Time (s): cpu = 00:00:01 ; elapsed = 00:00:02 . Memory (MB): peak = 1962.512 ; gain = 0.000

Phase 2.3 Timing Data Collection
Phase 2.3 Timing Data Collection | Checksum: 25f2879bf

Time (s): cpu = 00:00:01 ; elapsed = 00:00:02 . Memory (MB): peak = 1962.512 ; gain = 0.000
Phase 2 Timer Update And Timing Data Collection | Checksum: 25f2879bf

Time (s): cpu = 00:00:01 ; elapsed = 00:00:02 . Memory (MB): peak = 1962.512 ; gain = 0.000

Phase 3 Retarget
INFO: [Opt 31-1851] Number of loadless carry chains removed were: 0
INFO: [Opt 31-1834] Total Chains To Be Transformed Were: 0 AND Number of Transformed insts Created are: 0
INFO: [Opt 31-1566] Pulled 1 inverters resulting in an inversion of 7 pins
INFO: [Opt 31-138] Pushed 5 inverter(s) to 9 load pin(s).
INFO: [Opt 31-49] Retargeted 0 cell(s).
Phase 3 Retarget | Checksum: 25e9bae1c

Time (s): cpu = 00:00:02 ; elapsed = 00:00:03 . Memory (MB): peak = 1962.512 ; gain = 0.000
Retarget | Checksum: 25e9bae1c
INFO: [Opt 31-389] Phase Retarget created 8 cells and removed 50 cells
INFO: [Opt 31-1021] In phase Retarget, 83 netlist objects are constrained preventing optimization. Please run opt_design with -debug_log to get more detail. 

Phase 4 Constant propagation
INFO: [Opt 31-138] Pushed 0 inverter(s) to 0 load pin(s).
Phase 4 Constant propagation | Checksum: 18a38682b

Time (s): cpu = 00:00:02 ; elapsed = 00:00:03 . Memory (MB): peak = 1962.512 ; gain = 0.000
Constant propagation | Checksum: 18a38682b
INFO: [Opt 31-389] Phase Constant propagation created 1 cells and removed 97 cells
INFO: [Opt 31-1021] In phase Constant propagation, 81 netlist objects are constrained preventing optimization. Please run opt_design with -debug_log to get more detail. 

Phase 5 Sweep
INFO: [Constraints 18-11670] Building netlist checker database with flags, 0x8
Done building netlist checker database: Time (s): cpu = 00:00:00 ; elapsed = 00:00:00.018 . Memory (MB): peak = 1962.512 ; gain = 0.000
INFO: [Constraints 18-11670] Building netlist checker database with flags, 0x8
Done building netlist checker database: Time (s): cpu = 00:00:00 ; elapsed = 00:00:00.034 . Memory (MB): peak = 1962.512 ; gain = 0.000
Phase 5 Sweep | Checksum: 1e2313160

Time (s): cpu = 00:00:07 ; elapsed = 00:00:12 . Memory (MB): peak = 1962.512 ; gain = 0.000
Sweep | Checksum: 1e2313160
INFO: [Opt 31-389] Phase Sweep created 1 cells and removed 124 cells
INFO: [Opt 31-1021] In phase Sweep, 101 netlist objects are constrained preventing optimization. Please run opt_design with -debug_log to get more detail. 

Phase 6 BUFG optimization
Phase 6 BUFG optimization | Checksum: 1e2313160

Time (s): cpu = 00:00:08 ; elapsed = 00:00:12 . Memory (MB): peak = 1962.512 ; gain = 0.000
BUFG optimization | Checksum: 1e2313160
INFO: [Opt 31-662] Phase BUFG optimization created 0 cells of which 0 are BUFGs and removed 0 cells.

Phase 7 Shift Register Optimization
INFO: [Opt 31-1064] SRL Remap converted 0 SRLs to 0 registers and converted 0 registers of register chains to 0 SRLs
Phase 7 Shift Register Optimization | Checksum: 1e2313160

Time (s): cpu = 00:00:08 ; elapsed = 00:00:13 . Memory (MB): peak = 1962.512 ; gain = 0.000
Shift Register Optimization | Checksum: 1e2313160
INFO: [Opt 31-389] Phase Shift Register Optimization created 0 cells and removed 0 cells

Phase 8 Post Processing Netlist
Phase 8 Post Processing Netlist | Checksum: 1e2313160

Time (s): cpu = 00:00:08 ; elapsed = 00:00:13 . Memory (MB): peak = 1962.512 ; gain = 0.000
Post Processing Netlist | Checksum: 1e2313160
INFO: [Opt 31-389] Phase Post Processing Netlist created 0 cells and removed 0 cells
INFO: [Opt 31-1021] In phase Post Processing Netlist, 96 netlist objects are constrained preventing optimization. Please run opt_design with -debug_log to get more detail. 

Phase 9 Finalization

Phase 9.1 Finalizing Design Cores and Updating Shapes
Phase 9.1 Finalizing Design Cores and Updating Shapes | Checksum: 1dcba9f45

Time (s): cpu = 00:00:09 ; elapsed = 00:00:14 . Memory (MB): peak = 1962.512 ; gain = 0.000

Phase 9.2 Verifying Netlist Connectivity

Starting Connectivity Check Task

Time (s): cpu = 00:00:00 ; elapsed = 00:00:00.076 . Memory (MB): peak = 1962.512 ; gain = 0.000
Phase 9.2 Verifying Netlist Connectivity | Checksum: 1dcba9f45

Time (s): cpu = 00:00:09 ; elapsed = 00:00:14 . Memory (MB): peak = 1962.512 ; gain = 0.000
Phase 9 Finalization | Checksum: 1dcba9f45

Time (s): cpu = 00:00:09 ; elapsed = 00:00:14 . Memory (MB): peak = 1962.512 ; gain = 0.000
Opt_design Change Summary
=========================


-------------------------------------------------------------------------------------------------------------------------
|  Phase                        |  #Cells created  |  #Cells Removed  |  #Constrained objects preventing optimizations  |
-------------------------------------------------------------------------------------------------------------------------
|  Retarget                     |               8  |              50  |                                             83  |
|  Constant propagation         |               1  |              97  |                                             81  |
|  Sweep                        |               1  |             124  |                                            101  |
|  BUFG optimization            |               0  |               0  |                                              0  |
|  Shift Register Optimization  |               0  |               0  |                                              0  |
|  Post Processing Netlist      |               0  |               0  |                                             96  |
-------------------------------------------------------------------------------------------------------------------------


Ending Logic Optimization Task | Checksum: 1dcba9f45

Time (s): cpu = 00:00:09 ; elapsed = 00:00:14 . Memory (MB): peak = 1962.512 ; gain = 0.000

Starting Power Optimization Task
INFO: [Pwropt 34-132] Skipping clock gating for clocks with a period < 2.00 ns.
INFO: [Timing 38-35] Done setting XDC timing constraints.
Running Vector-less Activity Propagation...

Finished Running Vector-less Activity Propagation
INFO: [Pwropt 34-9] Applying IDT optimizations ...
INFO: [Pwropt 34-10] Applying ODC optimizations ...


Starting PowerOpt Patch Enables Task
INFO: [Pwropt 34-162] WRITE_MODE attribute of 0 BRAM(s) out of a total of 32 has been updated to save power. Run report_power_opt to get a complete listing of the BRAMs updated.
INFO: [Pwropt 34-201] Structural ODC has moved 0 WE to EN ports
Number of BRAM Ports augmented: 32 newly gated: 0 Total Ports: 64
Ending PowerOpt Patch Enables Task | Checksum: 2847d6de2

Time (s): cpu = 00:00:01 ; elapsed = 00:00:02 . Memory (MB): peak = 1962.512 ; gain = 0.000
Ending Power Optimization Task | Checksum: 2847d6de2

Time (s): cpu = 00:00:20 ; elapsed = 00:00:18 . Memory (MB): peak = 1962.512 ; gain = 0.000

Starting Final Cleanup Task

Starting Logic Optimization Task
INFO: [Timing 38-35] Done setting XDC timing constraints.
Ending Logic Optimization Task | Checksum: 2dfff7fc7

Time (s): cpu = 00:00:03 ; elapsed = 00:00:02 . Memory (MB): peak = 1989.184 ; gain = 26.672
Ending Final Cleanup Task | Checksum: 2dfff7fc7

Time (s): cpu = 00:00:14 ; elapsed = 00:00:15 . Memory (MB): peak = 1989.184 ; gain = 26.672
Netlist sorting complete. Time (s): cpu = 00:00:00 ; elapsed = 00:00:00.018 . Memory (MB): peak = 1989.184 ; gain = 0.000
INFO: [Common 17-83] Releasing license: Implementation
46 Infos, 13 Warnings, 4 Critical Warnings and 0 Errors encountered.
opt_design completed successfully
opt_design: Time (s): cpu = 00:00:59 ; elapsed = 00:01:03 . Memory (MB): peak = 1989.184 ; gain = 466.445
INFO: [Vivado 12-24828] Executing command : report_drc -file bdesign_clock_core_wrapper_drc_opted.rpt -pb bdesign_clock_core_wrapper_drc_opted.pb -rpx bdesign_clock_core_wrapper_drc_opted.rpx
Command: report_drc -file bdesign_clock_core_wrapper_drc_opted.rpt -pb bdesign_clock_core_wrapper_drc_opted.pb -rpx bdesign_clock_core_wrapper_drc_opted.rpx
INFO: [IP_Flow 19-1839] IP Catalog is up to date.
INFO: [DRC 23-27] Running DRC with 2 threads
INFO: [Vivado_Tcl 2-168] The results of DRC are in file C:/tesi2s/nobufgmux_dds/nobufgmux/nobufgmux.runs/impl_1/bdesign_clock_core_wrapper_drc_opted.rpt.
report_drc completed successfully
report_drc: Time (s): cpu = 00:00:15 ; elapsed = 00:00:33 . Memory (MB): peak = 1989.184 ; gain = 0.000
generate_parallel_reports: Time (s): cpu = 00:00:15 ; elapsed = 00:00:33 . Memory (MB): peak = 1989.184 ; gain = 0.000
INFO: [Timing 38-480] Writing timing data to binary archive.
Write ShapeDB Complete: Time (s): cpu = 00:00:00 ; elapsed = 00:00:00.075 . Memory (MB): peak = 1989.184 ; gain = 0.000
Wrote PlaceDB: Time (s): cpu = 00:00:00 ; elapsed = 00:00:00.001 . Memory (MB): peak = 1989.184 ; gain = 0.000
Wrote PulsedLatchDB: Time (s): cpu = 00:00:00 ; elapsed = 00:00:00.001 . Memory (MB): peak = 1989.184 ; gain = 0.000
Writing XDEF routing.
Writing XDEF routing logical nets.
Writing XDEF routing special nets.
Wrote RouteStorage: Time (s): cpu = 00:00:00 ; elapsed = 00:00:00.186 . Memory (MB): peak = 1989.184 ; gain = 0.000
Wrote PlaceStorage: Time (s): cpu = 00:00:00 ; elapsed = 00:00:00.002 . Memory (MB): peak = 1989.184 ; gain = 0.000
Wrote Netlist Cache: Time (s): cpu = 00:00:00 ; elapsed = 00:00:00 . Memory (MB): peak = 1989.184 ; gain = 0.000
Wrote Device Cache: Time (s): cpu = 00:00:00 ; elapsed = 00:00:00.087 . Memory (MB): peak = 1989.184 ; gain = 0.000
Write Physdb Complete: Time (s): cpu = 00:00:00 ; elapsed = 00:00:00.319 . Memory (MB): peak = 1989.184 ; gain = 0.000
INFO: [Common 17-1381] The checkpoint 'C:/tesi2s/nobufgmux_dds/nobufgmux/nobufgmux.runs/impl_1/bdesign_clock_core_wrapper_opt.dcp' has been generated.
write_checkpoint: Time (s): cpu = 00:00:07 ; elapsed = 00:00:09 . Memory (MB): peak = 1989.184 ; gain = 0.000
Command: place_design
Attempting to get a license for feature 'Implementation' and/or device 'xc7a35t'
INFO: [Common 17-349] Got license for feature 'Implementation' and/or device 'xc7a35t'
INFO: [Common 17-83] Releasing license: Implementation
INFO: [DRC 23-27] Running DRC with 2 threads
INFO: [Vivado_Tcl 4-198] DRC finished with 0 Errors
INFO: [Vivado_Tcl 4-199] Please refer to the DRC report (report_drc) for more information.
INFO: [Timing 38-35] Done setting XDC timing constraints.
Running DRC as a precondition to command place_design
INFO: [DRC 23-27] Running DRC with 2 threads
INFO: [Vivado_Tcl 4-198] DRC finished with 0 Errors
INFO: [Vivado_Tcl 4-199] Please refer to the DRC report (report_drc) for more information.
INFO: [Place 30-611] Multithreading enabled for place_design using a maximum of 2 CPUs

Starting Placer Task

Phase 1 Placer Initialization

Phase 1.1 Placer Initialization Netlist Sorting
Netlist sorting complete. Time (s): cpu = 00:00:00 ; elapsed = 00:00:00.029 . Memory (MB): peak = 1989.184 ; gain = 0.000
Phase 1.1 Placer Initialization Netlist Sorting | Checksum: 20505e035

Time (s): cpu = 00:00:00 ; elapsed = 00:00:00.079 . Memory (MB): peak = 1989.184 ; gain = 0.000
Netlist sorting complete. Time (s): cpu = 00:00:00 ; elapsed = 00:00:00.046 . Memory (MB): peak = 1989.184 ; gain = 0.000

Phase 1.2 IO Placement/ Clock Placement/ Build Placer Device
Phase 1.2 IO Placement/ Clock Placement/ Build Placer Device | Checksum: 2794bcb89

Time (s): cpu = 00:00:02 ; elapsed = 00:00:03 . Memory (MB): peak = 1989.184 ; gain = 0.000

Phase 1.3 Build Placer Netlist Model
Phase 1.3 Build Placer Netlist Model | Checksum: 303e70a1d

Time (s): cpu = 00:00:11 ; elapsed = 00:00:13 . Memory (MB): peak = 1989.184 ; gain = 0.000

Phase 1.4 Constrain Clocks/Macros
Phase 1.4 Constrain Clocks/Macros | Checksum: 303e70a1d

Time (s): cpu = 00:00:11 ; elapsed = 00:00:13 . Memory (MB): peak = 1989.184 ; gain = 0.000
Phase 1 Placer Initialization | Checksum: 303e70a1d

Time (s): cpu = 00:00:11 ; elapsed = 00:00:13 . Memory (MB): peak = 1989.184 ; gain = 0.000

Phase 2 Global Placement

Phase 2.1 Floorplanning
Phase 2.1 Floorplanning | Checksum: 2b0699d9e

Time (s): cpu = 00:00:16 ; elapsed = 00:00:17 . Memory (MB): peak = 1989.184 ; gain = 0.000

Phase 2.2 Update Timing before SLR Path Opt
Phase 2.2 Update Timing before SLR Path Opt | Checksum: 303932ef3

Time (s): cpu = 00:00:20 ; elapsed = 00:00:20 . Memory (MB): peak = 1989.184 ; gain = 0.000

Phase 2.3 Post-Processing in Floorplanning
Phase 2.3 Post-Processing in Floorplanning | Checksum: 303932ef3

Time (s): cpu = 00:00:20 ; elapsed = 00:00:20 . Memory (MB): peak = 1989.184 ; gain = 0.000

Phase 2.4 Global Place Phase1
Phase 2.4 Global Place Phase1 | Checksum: 31a6fc555

Time (s): cpu = 00:00:51 ; elapsed = 00:00:44 . Memory (MB): peak = 1989.184 ; gain = 0.000

Phase 2.5 Global Place Phase2

Phase 2.5.1 UpdateTiming Before Physical Synthesis
Phase 2.5.1 UpdateTiming Before Physical Synthesis | Checksum: 317c6eda2

Time (s): cpu = 00:00:55 ; elapsed = 00:00:47 . Memory (MB): peak = 1989.184 ; gain = 0.000

Phase 2.5.2 Physical Synthesis In Placer
INFO: [Physopt 32-1035] Found 0 LUTNM shape to break, 157 LUT instances to create LUTNM shape
INFO: [Physopt 32-1044] Break lutnm for timing: one critical 0, two critical 0, total 0, new lutff created 0
INFO: [Physopt 32-1138] End 1 Pass. Optimized 70 nets or LUTs. Breaked 0 LUT, combined 70 existing LUTs and moved 0 existing LUT
INFO: [Physopt 32-65] No nets found for high-fanout optimization.
INFO: [Physopt 32-232] Optimized 0 net. Created 0 new instance.
INFO: [Physopt 32-775] End 1 Pass. Optimized 0 net or cell. Created 0 new cell, deleted 0 existing cell and moved 0 existing cell
INFO: [Physopt 32-670] No setup violation found.  DSP Register Optimization was not performed.
INFO: [Physopt 32-670] No setup violation found.  Shift Register to Pipeline Optimization was not performed.
INFO: [Physopt 32-670] No setup violation found.  Shift Register Optimization was not performed.
INFO: [Physopt 32-670] No setup violation found.  BRAM Register Optimization was not performed.
INFO: [Physopt 32-670] No setup violation found.  URAM Register Optimization was not performed.
INFO: [Physopt 32-949] No candidate nets found for dynamic/static region interface net replication
INFO: [Physopt 32-775] End 1 Pass. Optimized 0 net or cell. Created 0 new cell, deleted 0 existing cell and moved 0 existing cell
Netlist sorting complete. Time (s): cpu = 00:00:00 ; elapsed = 00:00:00.033 . Memory (MB): peak = 1989.184 ; gain = 0.000

Summary of Physical Synthesis Optimizations
============================================


-----------------------------------------------------------------------------------------------------------------------------------------------------------
|  Optimization                                     |  Added Cells  |  Removed Cells  |  Optimized Cells/Nets  |  Dont Touch  |  Iterations  |  Elapsed   |
-----------------------------------------------------------------------------------------------------------------------------------------------------------
|  LUT Combining                                    |            0  |             70  |                    70  |           0  |           1  |  00:00:01  |
|  Retime                                           |            0  |              0  |                     0  |           0  |           1  |  00:00:00  |
|  Very High Fanout                                 |            0  |              0  |                     0  |           0  |           1  |  00:00:00  |
|  DSP Register                                     |            0  |              0  |                     0  |           0  |           0  |  00:00:00  |
|  Shift Register to Pipeline                       |            0  |              0  |                     0  |           0  |           0  |  00:00:00  |
|  Shift Register                                   |            0  |              0  |                     0  |           0  |           0  |  00:00:00  |
|  BRAM Register                                    |            0  |              0  |                     0  |           0  |           0  |  00:00:00  |
|  URAM Register                                    |            0  |              0  |                     0  |           0  |           0  |  00:00:00  |
|  Dynamic/Static Region Interface Net Replication  |            0  |              0  |                     0  |           0  |           1  |  00:00:00  |
|  Total                                            |            0  |             70  |                    70  |           0  |           4  |  00:00:01  |
-----------------------------------------------------------------------------------------------------------------------------------------------------------


Phase 2.5.2 Physical Synthesis In Placer | Checksum: 299c29a0b

Time (s): cpu = 00:01:01 ; elapsed = 00:00:52 . Memory (MB): peak = 1989.184 ; gain = 0.000
Phase 2.5 Global Place Phase2 | Checksum: 20e7949c6

Time (s): cpu = 00:01:03 ; elapsed = 00:00:53 . Memory (MB): peak = 1989.184 ; gain = 0.000
Phase 2 Global Placement | Checksum: 20e7949c6

Time (s): cpu = 00:01:03 ; elapsed = 00:00:53 . Memory (MB): peak = 1989.184 ; gain = 0.000

Phase 3 Detail Placement

Phase 3.1 Commit Multi Column Macros
Phase 3.1 Commit Multi Column Macros | Checksum: 236446254

Time (s): cpu = 00:01:08 ; elapsed = 00:00:57 . Memory (MB): peak = 1989.184 ; gain = 0.000

Phase 3.2 Commit Most Macros & LUTRAMs
Phase 3.2 Commit Most Macros & LUTRAMs | Checksum: 27b92f0cb

Time (s): cpu = 00:01:15 ; elapsed = 00:01:02 . Memory (MB): peak = 1989.184 ; gain = 0.000

Phase 3.3 Area Swap Optimization
Phase 3.3 Area Swap Optimization | Checksum: 20edc147f

Time (s): cpu = 00:01:15 ; elapsed = 00:01:02 . Memory (MB): peak = 1989.184 ; gain = 0.000

Phase 3.4 Pipeline Register Optimization
Phase 3.4 Pipeline Register Optimization | Checksum: 2152c0caa

Time (s): cpu = 00:01:15 ; elapsed = 00:01:02 . Memory (MB): peak = 1989.184 ; gain = 0.000

Phase 3.5 Small Shape Detail Placement
Phase 3.5 Small Shape Detail Placement | Checksum: 1f9b921a9

Time (s): cpu = 00:01:24 ; elapsed = 00:01:12 . Memory (MB): peak = 1989.184 ; gain = 0.000

Phase 3.6 Re-assign LUT pins
Phase 3.6 Re-assign LUT pins | Checksum: 189e24420

Time (s): cpu = 00:01:25 ; elapsed = 00:01:14 . Memory (MB): peak = 1989.184 ; gain = 0.000

Phase 3.7 Pipeline Register Optimization
Phase 3.7 Pipeline Register Optimization | Checksum: 17c15d179

Time (s): cpu = 00:01:25 ; elapsed = 00:01:14 . Memory (MB): peak = 1989.184 ; gain = 0.000
Phase 3 Detail Placement | Checksum: 17c15d179

Time (s): cpu = 00:01:25 ; elapsed = 00:01:14 . Memory (MB): peak = 1989.184 ; gain = 0.000

Phase 4 Post Placement Optimization and Clean-Up

Phase 4.1 Post Commit Optimization
INFO: [Timing 38-35] Done setting XDC timing constraints.

Phase 4.1.1 Post Placement Optimization
Post Placement Optimization Initialization | Checksum: 1ae0214f3

Phase 4.1.1.1 BUFG Insertion

Starting Physical Synthesis Task

Phase 1 Physical Synthesis Initialization
INFO: [Physopt 32-721] Multithreading enabled for phys_opt_design using a maximum of 2 CPUs
INFO: [Physopt 32-619] Estimated Timing Summary | WNS=0.549 | TNS=0.000 |
Phase 1 Physical Synthesis Initialization | Checksum: 17b17bc50

Time (s): cpu = 00:00:01 ; elapsed = 00:00:00.476 . Memory (MB): peak = 1989.184 ; gain = 0.000
INFO: [Place 46-56] BUFG insertion identified 0 candidate nets. Inserted BUFG: 0, Replicated BUFG Driver: 0, Skipped due to Placement/Routing Conflicts: 0, Skipped due to Timing Degradation: 0, Skipped due to netlist editing failed: 0.
Ending Physical Synthesis Task | Checksum: 23ebdc2b3

Time (s): cpu = 00:00:01 ; elapsed = 00:00:00.656 . Memory (MB): peak = 1989.184 ; gain = 0.000
Phase 4.1.1.1 BUFG Insertion | Checksum: 1ae0214f3

Time (s): cpu = 00:01:35 ; elapsed = 00:01:21 . Memory (MB): peak = 1989.184 ; gain = 0.000

Phase 4.1.1.2 Post Placement Timing Optimization
INFO: [Place 30-746] Post Placement Timing Summary WNS=0.549. For the most accurate timing information please run report_timing.
Phase 4.1.1.2 Post Placement Timing Optimization | Checksum: 263bcb580

Time (s): cpu = 00:01:35 ; elapsed = 00:01:21 . Memory (MB): peak = 1989.184 ; gain = 0.000

Time (s): cpu = 00:01:35 ; elapsed = 00:01:21 . Memory (MB): peak = 1989.184 ; gain = 0.000
Phase 4.1 Post Commit Optimization | Checksum: 263bcb580

Time (s): cpu = 00:01:35 ; elapsed = 00:01:21 . Memory (MB): peak = 1989.184 ; gain = 0.000

Phase 4.2 Post Placement Cleanup
Phase 4.2 Post Placement Cleanup | Checksum: 263bcb580

Time (s): cpu = 00:01:36 ; elapsed = 00:01:21 . Memory (MB): peak = 1989.184 ; gain = 0.000

Phase 4.3 Placer Reporting

Phase 4.3.1 Print Estimated Congestion
INFO: [Place 30-612] Post-Placement Estimated Congestion 
 ____________________________________________________
|           | Global Congestion | Short Congestion  |
| Direction | Region Size       | Region Size       |
|___________|___________________|___________________|
|      North|                1x1|                2x2|
|___________|___________________|___________________|
|      South|                1x1|                1x1|
|___________|___________________|___________________|
|       East|                1x1|                2x2|
|___________|___________________|___________________|
|       West|                1x1|                1x1|
|___________|___________________|___________________|

Phase 4.3.1 Print Estimated Congestion | Checksum: 263bcb580

Time (s): cpu = 00:01:36 ; elapsed = 00:01:21 . Memory (MB): peak = 1989.184 ; gain = 0.000
Phase 4.3 Placer Reporting | Checksum: 263bcb580

Time (s): cpu = 00:01:36 ; elapsed = 00:01:21 . Memory (MB): peak = 1989.184 ; gain = 0.000

Phase 4.4 Final Placement Cleanup
Netlist sorting complete. Time (s): cpu = 00:00:00 ; elapsed = 00:00:00.039 . Memory (MB): peak = 1989.184 ; gain = 0.000

Time (s): cpu = 00:01:36 ; elapsed = 00:01:22 . Memory (MB): peak = 1989.184 ; gain = 0.000
Phase 4 Post Placement Optimization and Clean-Up | Checksum: 2a45db859

Time (s): cpu = 00:01:36 ; elapsed = 00:01:22 . Memory (MB): peak = 1989.184 ; gain = 0.000
Ending Placer Task | Checksum: 1a46525fa

Time (s): cpu = 00:01:36 ; elapsed = 00:01:22 . Memory (MB): peak = 1989.184 ; gain = 0.000
81 Infos, 13 Warnings, 4 Critical Warnings and 0 Errors encountered.
place_design completed successfully
place_design: Time (s): cpu = 00:01:48 ; elapsed = 00:01:34 . Memory (MB): peak = 1989.184 ; gain = 0.000
INFO: [Vivado 12-24838] Running report commands "report_control_sets, report_io, report_utilization" in parallel.
Running report generation with 2 threads.
INFO: [Vivado 12-24828] Executing command : report_io -file bdesign_clock_core_wrapper_io_placed.rpt
report_io: Time (s): cpu = 00:00:00 ; elapsed = 00:00:00.313 . Memory (MB): peak = 1989.184 ; gain = 0.000
INFO: [Vivado 12-24828] Executing command : report_utilization -file bdesign_clock_core_wrapper_utilization_placed.rpt -pb bdesign_clock_core_wrapper_utilization_placed.pb
INFO: [Vivado 12-24828] Executing command : report_control_sets -verbose -file bdesign_clock_core_wrapper_control_sets_placed.rpt
report_control_sets: Time (s): cpu = 00:00:00 ; elapsed = 00:00:00.152 . Memory (MB): peak = 1989.184 ; gain = 0.000
INFO: [Timing 38-480] Writing timing data to binary archive.
Wrote PlaceDB: Time (s): cpu = 00:00:00 ; elapsed = 00:00:00 . Memory (MB): peak = 1989.184 ; gain = 0.000
Wrote PulsedLatchDB: Time (s): cpu = 00:00:00 ; elapsed = 00:00:00 . Memory (MB): peak = 1989.184 ; gain = 0.000
Writing XDEF routing.
Writing XDEF routing logical nets.
Write ShapeDB Complete: Time (s): cpu = 00:00:00 ; elapsed = 00:00:00.126 . Memory (MB): peak = 1989.184 ; gain = 0.000
Writing XDEF routing special nets.
Wrote RouteStorage: Time (s): cpu = 00:00:01 ; elapsed = 00:00:00.131 . Memory (MB): peak = 1989.184 ; gain = 0.000
Wrote PlaceStorage: Time (s): cpu = 00:00:03 ; elapsed = 00:00:02 . Memory (MB): peak = 1989.184 ; gain = 0.000
Wrote Netlist Cache: Time (s): cpu = 00:00:00 ; elapsed = 00:00:00.064 . Memory (MB): peak = 1989.184 ; gain = 0.000
Wrote Device Cache: Time (s): cpu = 00:00:00 ; elapsed = 00:00:00.131 . Memory (MB): peak = 1989.184 ; gain = 0.000
Write Physdb Complete: Time (s): cpu = 00:00:04 ; elapsed = 00:00:02 . Memory (MB): peak = 1989.184 ; gain = 0.000
INFO: [Common 17-1381] The checkpoint 'C:/tesi2s/nobufgmux_dds/nobufgmux/nobufgmux.runs/impl_1/bdesign_clock_core_wrapper_placed.dcp' has been generated.
write_checkpoint: Time (s): cpu = 00:00:07 ; elapsed = 00:00:07 . Memory (MB): peak = 1989.184 ; gain = 0.000
Command: phys_opt_design
Attempting to get a license for feature 'Implementation' and/or device 'xc7a35t'
INFO: [Common 17-349] Got license for feature 'Implementation' and/or device 'xc7a35t'

Starting Initial Update Timing Task

Time (s): cpu = 00:00:08 ; elapsed = 00:00:05 . Memory (MB): peak = 1989.184 ; gain = 0.000
INFO: [Vivado_Tcl 4-2279] Estimated Timing Summary | WNS= 0.549 | TNS= 0.000 | 
INFO: [Vivado_Tcl 4-383] Design worst setup slack (WNS) is greater than or equal to 0.000 ns. All physical synthesis setup optimizations will be skipped.
INFO: [Vivado_Tcl 4-232] No setup violation found. The netlist was not modified.
INFO: [Common 17-83] Releasing license: Implementation
92 Infos, 13 Warnings, 4 Critical Warnings and 0 Errors encountered.
phys_opt_design completed successfully
INFO: [Timing 38-480] Writing timing data to binary archive.
Wrote PlaceDB: Time (s): cpu = 00:00:00 ; elapsed = 00:00:00 . Memory (MB): peak = 1989.184 ; gain = 0.000
Wrote PulsedLatchDB: Time (s): cpu = 00:00:00 ; elapsed = 00:00:00 . Memory (MB): peak = 1989.184 ; gain = 0.000
Writing XDEF routing.
Writing XDEF routing logical nets.
Write ShapeDB Complete: Time (s): cpu = 00:00:00 ; elapsed = 00:00:00.107 . Memory (MB): peak = 1989.184 ; gain = 0.000
Writing XDEF routing special nets.
Wrote RouteStorage: Time (s): cpu = 00:00:00 ; elapsed = 00:00:00.122 . Memory (MB): peak = 1989.184 ; gain = 0.000
Wrote PlaceStorage: Time (s): cpu = 00:00:04 ; elapsed = 00:00:01 . Memory (MB): peak = 1989.184 ; gain = 0.000
Wrote Netlist Cache: Time (s): cpu = 00:00:00 ; elapsed = 00:00:00.052 . Memory (MB): peak = 1989.184 ; gain = 0.000
Wrote Device Cache: Time (s): cpu = 00:00:00 ; elapsed = 00:00:00.038 . Memory (MB): peak = 1989.184 ; gain = 0.000
Write Physdb Complete: Time (s): cpu = 00:00:04 ; elapsed = 00:00:02 . Memory (MB): peak = 1989.184 ; gain = 0.000
INFO: [Common 17-1381] The checkpoint 'C:/tesi2s/nobufgmux_dds/nobufgmux/nobufgmux.runs/impl_1/bdesign_clock_core_wrapper_physopt.dcp' has been generated.
write_checkpoint: Time (s): cpu = 00:00:07 ; elapsed = 00:00:07 . Memory (MB): peak = 1989.184 ; gain = 0.000
Command: route_design
Attempting to get a license for feature 'Implementation' and/or device 'xc7a35t'
INFO: [Common 17-349] Got license for feature 'Implementation' and/or device 'xc7a35t'


Starting Routing Task
INFO: [Route 35-254] Multithreading enabled for route_design using a maximum of 2 CPUs

Phase 1 Build RT Design
Checksum: PlaceDB: 6d629bde ConstDB: 0 ShapeSum: 96812dc5 RouteDB: a0815c57
Post Restoration Checksum: NetGraph: 1b95dabd | NumContArr: d955507a | Constraints: c2a8fa9d | Timing: c2a8fa9d
Phase 1 Build RT Design | Checksum: 27a3d2071

Time (s): cpu = 00:01:08 ; elapsed = 00:01:03 . Memory (MB): peak = 1989.184 ; gain = 0.000

Phase 2 Router Initialization

Phase 2.1 Fix Topology Constraints
Phase 2.1 Fix Topology Constraints | Checksum: 27a3d2071

Time (s): cpu = 00:01:08 ; elapsed = 00:01:04 . Memory (MB): peak = 1989.184 ; gain = 0.000

Phase 2.2 Pre Route Cleanup
Phase 2.2 Pre Route Cleanup | Checksum: 27a3d2071

Time (s): cpu = 00:01:08 ; elapsed = 00:01:04 . Memory (MB): peak = 1989.184 ; gain = 0.000
 Number of Nodes with overlaps = 0

Phase 2.3 Update Timing
Phase 2.3 Update Timing | Checksum: 2a0f7200c

Time (s): cpu = 00:01:22 ; elapsed = 00:01:15 . Memory (MB): peak = 1989.184 ; gain = 0.000
INFO: [Route 35-416] Intermediate Timing Summary | WNS=0.911  | TNS=0.000  | WHS=-0.228 | THS=-37.318|


Phase 2.4 Soft Constraint Pins - Fast Budgeting
Phase 2.4 Soft Constraint Pins - Fast Budgeting | Checksum: 26c9548ae

Time (s): cpu = 00:01:25 ; elapsed = 00:01:18 . Memory (MB): peak = 1989.184 ; gain = 0.000

Router Utilization Summary
  Global Vertical Routing Utilization    = 0.00398629 %
  Global Horizontal Routing Utilization  = 0.00117126 %
  Routable Net Status*
  *Does not include unroutable nets such as driverless and loadless.
  Run report_route_status for detailed report.
  Number of Failed Nets               = 4736
    (Failed Nets is the sum of unrouted and partially routed nets)
  Number of Unrouted Nets             = 4736
  Number of Partially Routed Nets     = 0
  Number of Node Overlaps             = 1

Phase 2 Router Initialization | Checksum: 25cc8ac34

Time (s): cpu = 00:01:25 ; elapsed = 00:01:18 . Memory (MB): peak = 1989.184 ; gain = 0.000

Phase 3 Global Routing
Phase 3 Global Routing | Checksum: 25cc8ac34

Time (s): cpu = 00:01:25 ; elapsed = 00:01:18 . Memory (MB): peak = 1989.184 ; gain = 0.000

Phase 4 Initial Routing

Phase 4.1 Initial Net Routing Pass
Phase 4.1 Initial Net Routing Pass | Checksum: 2b84fbd89

Time (s): cpu = 00:01:47 ; elapsed = 00:01:34 . Memory (MB): peak = 1989.184 ; gain = 0.000
Phase 4 Initial Routing | Checksum: 2b84fbd89

Time (s): cpu = 00:01:47 ; elapsed = 00:01:34 . Memory (MB): peak = 1989.184 ; gain = 0.000

Phase 5 Rip-up And Reroute

Phase 5.1 Global Iteration 0
 Number of Nodes with overlaps = 846
 Number of Nodes with overlaps = 210
 Number of Nodes with overlaps = 108
 Number of Nodes with overlaps = 63
 Number of Nodes with overlaps = 16
 Number of Nodes with overlaps = 9
 Number of Nodes with overlaps = 5
 Number of Nodes with overlaps = 6
 Number of Nodes with overlaps = 2
 Number of Nodes with overlaps = 1
 Number of Nodes with overlaps = 1
 Number of Nodes with overlaps = 0
INFO: [Route 35-416] Intermediate Timing Summary | WNS=0.487  | TNS=0.000  | WHS=N/A    | THS=N/A    |

Phase 5.1 Global Iteration 0 | Checksum: 2b2063ecb

Time (s): cpu = 00:02:41 ; elapsed = 00:02:24 . Memory (MB): peak = 1989.184 ; gain = 0.000

Phase 5.2 Global Iteration 1
 Number of Nodes with overlaps = 0
INFO: [Route 35-416] Intermediate Timing Summary | WNS=0.555  | TNS=0.000  | WHS=N/A    | THS=N/A    |

Phase 5.2 Global Iteration 1 | Checksum: 2820e5893

Time (s): cpu = 00:02:41 ; elapsed = 00:02:24 . Memory (MB): peak = 1989.184 ; gain = 0.000
Phase 5 Rip-up And Reroute | Checksum: 2820e5893

Time (s): cpu = 00:02:41 ; elapsed = 00:02:24 . Memory (MB): peak = 1989.184 ; gain = 0.000

Phase 6 Delay and Skew Optimization

Phase 6.1 Delay CleanUp
Phase 6.1 Delay CleanUp | Checksum: 2820e5893

Time (s): cpu = 00:02:41 ; elapsed = 00:02:24 . Memory (MB): peak = 1989.184 ; gain = 0.000

Phase 6.2 Clock Skew Optimization
Phase 6.2 Clock Skew Optimization | Checksum: 2820e5893

Time (s): cpu = 00:02:41 ; elapsed = 00:02:24 . Memory (MB): peak = 1989.184 ; gain = 0.000
Phase 6 Delay and Skew Optimization | Checksum: 2820e5893

Time (s): cpu = 00:02:41 ; elapsed = 00:02:24 . Memory (MB): peak = 1989.184 ; gain = 0.000

Phase 7 Post Hold Fix

Phase 7.1 Hold Fix Iter
INFO: [Route 35-416] Intermediate Timing Summary | WNS=0.555  | TNS=0.000  | WHS=0.009  | THS=0.000  |

Phase 7.1 Hold Fix Iter | Checksum: 213e231dc

Time (s): cpu = 00:02:43 ; elapsed = 00:02:26 . Memory (MB): peak = 1989.184 ; gain = 0.000
Phase 7 Post Hold Fix | Checksum: 213e231dc

Time (s): cpu = 00:02:43 ; elapsed = 00:02:26 . Memory (MB): peak = 1989.184 ; gain = 0.000

Phase 8 Route finalize

Router Utilization Summary
  Global Vertical Routing Utilization    = 2.18943 %
  Global Horizontal Routing Utilization  = 2.70966 %
  Routable Net Status*
  *Does not include unroutable nets such as driverless and loadless.
  Run report_route_status for detailed report.
  Number of Failed Nets               = 0
    (Failed Nets is the sum of unrouted and partially routed nets)
  Number of Unrouted Nets             = 0
  Number of Partially Routed Nets     = 0
  Number of Node Overlaps             = 0

Phase 8 Route finalize | Checksum: 213e231dc

Time (s): cpu = 00:02:43 ; elapsed = 00:02:26 . Memory (MB): peak = 1989.184 ; gain = 0.000

Phase 9 Verifying routed nets

 Verification completed successfully
Phase 9 Verifying routed nets | Checksum: 213e231dc

Time (s): cpu = 00:02:43 ; elapsed = 00:02:26 . Memory (MB): peak = 1989.184 ; gain = 0.000

Phase 10 Depositing Routes
Phase 10 Depositing Routes | Checksum: 24c5abfc1

Time (s): cpu = 00:02:48 ; elapsed = 00:02:31 . Memory (MB): peak = 1989.184 ; gain = 0.000

Phase 11 Post Process Routing
Phase 11 Post Process Routing | Checksum: 24c5abfc1

Time (s): cpu = 00:02:48 ; elapsed = 00:02:31 . Memory (MB): peak = 1989.184 ; gain = 0.000

Phase 12 Post Router Timing
INFO: [Route 35-57] Estimated Timing Summary | WNS=0.555  | TNS=0.000  | WHS=0.009  | THS=0.000  |

INFO: [Route 35-327] The final timing numbers are based on the router estimated timing analysis. For a complete and accurate timing signoff, please run report_timing_summary.
Phase 12 Post Router Timing | Checksum: 24c5abfc1

Time (s): cpu = 00:02:48 ; elapsed = 00:02:31 . Memory (MB): peak = 1989.184 ; gain = 0.000
Total Elapsed time in route_design: 151.277 secs

Phase 13 Post-Route Event Processing
Phase 13 Post-Route Event Processing | Checksum: 27ca03336

Time (s): cpu = 00:02:48 ; elapsed = 00:02:31 . Memory (MB): peak = 1989.184 ; gain = 0.000
INFO: [Route 35-16] Router Completed Successfully
Ending Routing Task | Checksum: 27ca03336

Time (s): cpu = 00:02:48 ; elapsed = 00:02:31 . Memory (MB): peak = 1989.184 ; gain = 0.000

Routing Is Done.
INFO: [Common 17-83] Releasing license: Implementation
104 Infos, 13 Warnings, 4 Critical Warnings and 0 Errors encountered.
route_design completed successfully
route_design: Time (s): cpu = 00:02:48 ; elapsed = 00:02:32 . Memory (MB): peak = 1989.184 ; gain = 0.000
INFO: [Vivado 12-24828] Executing command : report_drc -file bdesign_clock_core_wrapper_drc_routed.rpt -pb bdesign_clock_core_wrapper_drc_routed.pb -rpx bdesign_clock_core_wrapper_drc_routed.rpx
Command: report_drc -file bdesign_clock_core_wrapper_drc_routed.rpt -pb bdesign_clock_core_wrapper_drc_routed.pb -rpx bdesign_clock_core_wrapper_drc_routed.rpx
INFO: [IP_Flow 19-1839] IP Catalog is up to date.
INFO: [DRC 23-27] Running DRC with 2 threads
INFO: [Vivado_Tcl 2-168] The results of DRC are in file C:/tesi2s/nobufgmux_dds/nobufgmux/nobufgmux.runs/impl_1/bdesign_clock_core_wrapper_drc_routed.rpt.
report_drc completed successfully
report_drc: Time (s): cpu = 00:00:15 ; elapsed = 00:00:14 . Memory (MB): peak = 1989.184 ; gain = 0.000
INFO: [Vivado 12-24828] Executing command : report_methodology -file bdesign_clock_core_wrapper_methodology_drc_routed.rpt -pb bdesign_clock_core_wrapper_methodology_drc_routed.pb -rpx bdesign_clock_core_wrapper_methodology_drc_routed.rpx
Command: report_methodology -file bdesign_clock_core_wrapper_methodology_drc_routed.rpt -pb bdesign_clock_core_wrapper_methodology_drc_routed.pb -rpx bdesign_clock_core_wrapper_methodology_drc_routed.rpx
INFO: [Timing 38-35] Done setting XDC timing constraints.
INFO: [DRC 23-133] Running Methodology with 2 threads
INFO: [Vivado_Tcl 2-1520] The results of Report Methodology are in file C:/tesi2s/nobufgmux_dds/nobufgmux/nobufgmux.runs/impl_1/bdesign_clock_core_wrapper_methodology_drc_routed.rpt.
report_methodology completed successfully
report_drc: Time (s): cpu = 00:00:21 ; elapsed = 00:00:14 . Memory (MB): peak = 1989.184 ; gain = 0.000
INFO: [Vivado 12-24828] Executing command : report_timing_summary -max_paths 10 -routable_nets -report_unconstrained -file bdesign_clock_core_wrapper_timing_summary_routed.rpt -pb bdesign_clock_core_wrapper_timing_summary_routed.pb -rpx bdesign_clock_core_wrapper_timing_summary_routed.rpx -warn_on_violation 
INFO: [Timing 38-35] Done setting XDC timing constraints.
INFO: [Timing 38-91] UpdateTimingParams: Speed grade: -1, Delay Type: min_max.
INFO: [Timing 38-191] Multithreading enabled for timing update using a maximum of 2 CPUs
report_timing_summary: Time (s): cpu = 00:00:09 ; elapsed = 00:00:09 . Memory (MB): peak = 1989.184 ; gain = 0.000
INFO: [Vivado 12-24838] Running report commands "report_incremental_reuse, report_route_status" in parallel.
Running report generation with 2 threads.
INFO: [Vivado 12-24828] Executing command : report_incremental_reuse -file bdesign_clock_core_wrapper_incremental_reuse_routed.rpt
INFO: [Vivado_Tcl 4-1062] Incremental flow is disabled. No incremental reuse Info to report.
INFO: [Vivado 12-24828] Executing command : report_route_status -file bdesign_clock_core_wrapper_route_status.rpt -pb bdesign_clock_core_wrapper_route_status.pb
INFO: [Vivado 12-24828] Executing command : report_power -file bdesign_clock_core_wrapper_power_routed.rpt -pb bdesign_clock_core_wrapper_power_summary_routed.pb -rpx bdesign_clock_core_wrapper_power_routed.rpx
Command: report_power -file bdesign_clock_core_wrapper_power_routed.rpt -pb bdesign_clock_core_wrapper_power_summary_routed.pb -rpx bdesign_clock_core_wrapper_power_routed.rpx
Running Vector-less Activity Propagation...

Finished Running Vector-less Activity Propagation
WARNING: [Power 33-332] Found switching activity that implies high-fanout reset nets being asserted for excessive periods of time which may result in inaccurate power analysis.
Resolution: To review and fix problems, please run Power Constraints Advisor in the GUI from Tools > Power Constraints Advisor or run report_power with the -advisory option to generate a text report.
121 Infos, 14 Warnings, 4 Critical Warnings and 0 Errors encountered.
report_power completed successfully
report_power: Time (s): cpu = 00:00:07 ; elapsed = 00:00:05 . Memory (MB): peak = 1989.184 ; gain = 0.000
INFO: [Vivado 12-24828] Executing command : report_clock_utilization -file bdesign_clock_core_wrapper_clock_utilization_routed.rpt
INFO: [Vivado 12-24828] Executing command : report_bus_skew -warn_on_violation -file bdesign_clock_core_wrapper_bus_skew_routed.rpt -pb bdesign_clock_core_wrapper_bus_skew_routed.pb -rpx bdesign_clock_core_wrapper_bus_skew_routed.rpx
INFO: [Timing 38-91] UpdateTimingParams: Speed grade: -1, Delay Type: min_max.
INFO: [Timing 38-191] Multithreading enabled for timing update using a maximum of 2 CPUs
generate_parallel_reports: Time (s): cpu = 00:00:53 ; elapsed = 00:00:43 . Memory (MB): peak = 1989.184 ; gain = 0.000
Wrote PlaceDB: Time (s): cpu = 00:00:00 ; elapsed = 00:00:00 . Memory (MB): peak = 1989.184 ; gain = 0.000
Wrote PulsedLatchDB: Time (s): cpu = 00:00:00 ; elapsed = 00:00:00 . Memory (MB): peak = 1989.184 ; gain = 0.000
Writing XDEF routing.
INFO: [Timing 38-480] Writing timing data to binary archive.
Writing XDEF routing logical nets.
Write ShapeDB Complete: Time (s): cpu = 00:00:00 ; elapsed = 00:00:00.150 . Memory (MB): peak = 1989.184 ; gain = 0.000
Writing XDEF routing special nets.
Wrote RouteStorage: Time (s): cpu = 00:00:01 ; elapsed = 00:00:00.336 . Memory (MB): peak = 1989.184 ; gain = 0.000
Wrote PlaceStorage: Time (s): cpu = 00:00:03 ; elapsed = 00:00:01 . Memory (MB): peak = 1989.184 ; gain = 0.000
Wrote Netlist Cache: Time (s): cpu = 00:00:00 ; elapsed = 00:00:00.051 . Memory (MB): peak = 1989.184 ; gain = 0.000
Wrote Device Cache: Time (s): cpu = 00:00:00 ; elapsed = 00:00:00.050 . Memory (MB): peak = 1989.184 ; gain = 0.000
Write Physdb Complete: Time (s): cpu = 00:00:04 ; elapsed = 00:00:02 . Memory (MB): peak = 1989.184 ; gain = 0.000
INFO: [Common 17-1381] The checkpoint 'C:/tesi2s/nobufgmux_dds/nobufgmux/nobufgmux.runs/impl_1/bdesign_clock_core_wrapper_routed.dcp' has been generated.
write_checkpoint: Time (s): cpu = 00:00:07 ; elapsed = 00:00:05 . Memory (MB): peak = 1989.184 ; gain = 0.000
Command: write_bitstream -force bdesign_clock_core_wrapper.bit
Attempting to get a license for feature 'Implementation' and/or device 'xc7a35t'
INFO: [Common 17-349] Got license for feature 'Implementation' and/or device 'xc7a35t'
Running DRC as a precondition to command write_bitstream
INFO: [IP_Flow 19-1839] IP Catalog is up to date.
INFO: [DRC 23-27] Running DRC with 2 threads
INFO: [Vivado 12-3199] DRC finished with 0 Errors
INFO: [Vivado 12-3200] Please refer to the DRC report (report_drc) for more information.
Integrating Hard IP ELF/MEM with the PDI.
INFO: [Designutils 20-2272] Running write_bitstream with 2 threads.
Loading data files...
Loading site data...
Loading route data...
Processing options...
Creating bitmap...
Creating bitstream...
Bitstream compression saved 10109568 bits.
Writing bitstream ./bdesign_clock_core_wrapper.bit...
INFO: [Vivado 12-1842] Bitgen Completed Successfully.
INFO: [Common 17-83] Releasing license: Implementation
135 Infos, 14 Warnings, 4 Critical Warnings and 0 Errors encountered.
write_bitstream completed successfully
write_bitstream: Time (s): cpu = 00:00:56 ; elapsed = 00:00:45 . Memory (MB): peak = 2239.828 ; gain = 250.645
INFO: [Common 17-206] Exiting Vivado at Tue May 26 21:54:07 2026...
