Copyright 1986-2022 Xilinx, Inc. All Rights Reserved. Copyright 2022-2025 Advanced Micro Devices, Inc. All Rights Reserved.
---------------------------------------------------------------------------------------------------------------------------------------------
| Tool Version : Vivado v.2025.2 (win64) Build 6299465 Fri Nov 14 19:35:11 GMT 2025
| Date         : Tue May 26 21:15:31 2026
| Host         : DESKTOP-HTVV1N1 running 64-bit major release  (build 9200)
| Command      : upgrade_ip
| Device       : xc7a35tcpg236-1
---------------------------------------------------------------------------------------------------------------------------------------------

Upgrade Log for IP 'bdesign_clock_core_i2s_dds_0_0'

1. Summary
----------

SUCCESS in the update of bdesign_clock_core_i2s_dds_0_0 (xilinx.com:user:i2s_dds:1.0 (Rev. 13)) to current project options.






Copyright 1986-2022 Xilinx, Inc. All Rights Reserved. Copyright 2022-2025 Advanced Micro Devices, Inc. All Rights Reserved.
---------------------------------------------------------------------------------------------------------------------------------------------
| Tool Version : Vivado v.2025.2 (win64) Build 6299465 Fri Nov 14 19:35:11 GMT 2025
| Date         : Tue May 26 21:11:35 2026
| Host         : DESKTOP-HTVV1N1 running 64-bit major release  (build 9200)
| Command      : upgrade_ip
| Device       : xc7a35tcpg236-1
---------------------------------------------------------------------------------------------------------------------------------------------

Upgrade Log for IP 'bdesign_clock_core_i2s_dds_0_0'

1. Summary
----------

SUCCESS in the update of bdesign_clock_core_i2s_dds_0_0 (xilinx.com:user:i2s_dds:1.0 (Rev. 13)) to current project options.






Copyright 1986-2022 Xilinx, Inc. All Rights Reserved. Copyright 2022-2025 Advanced Micro Devices, Inc. All Rights Reserved.
---------------------------------------------------------------------------------------------------------------------------------------------
| Tool Version : Vivado v.2025.2 (win64) Build 6299465 Fri Nov 14 19:35:11 GMT 2025
| Date         : Tue May 26 20:48:03 2026
| Host         : DESKTOP-HTVV1N1 running 64-bit major release  (build 9200)
| Command      : upgrade_ip
| Device       : xc7a35tcpg236-1
---------------------------------------------------------------------------------------------------------------------------------------------

Upgrade Log for IP 'bdesign_clock_core_i2s_dds_0_0'

1. Summary
----------

SUCCESS in the update of bdesign_clock_core_i2s_dds_0_0 (xilinx.com:user:i2s_dds:1.0 (Rev. 13)) to current project options.






Copyright 1986-2022 Xilinx, Inc. All Rights Reserved. Copyright 2022-2025 Advanced Micro Devices, Inc. All Rights Reserved.
---------------------------------------------------------------------------------------------------------------------------------------------
| Tool Version : Vivado v.2025.2 (win64) Build 6299465 Fri Nov 14 19:35:11 GMT 2025
| Date         : Tue May 26 20:29:29 2026
| Host         : DESKTOP-HTVV1N1 running 64-bit major release  (build 9200)
| Command      : upgrade_ip
| Device       : xc7a35tcpg236-1
---------------------------------------------------------------------------------------------------------------------------------------------

Upgrade Log for IP 'bdesign_clock_core_i2s_dds_0_0'

1. Summary
----------

SUCCESS in the update of bdesign_clock_core_i2s_dds_0_0 (xilinx.com:user:i2s_dds:1.0 (Rev. 13)) to current project options.






Copyright 1986-2022 Xilinx, Inc. All Rights Reserved. Copyright 2022-2025 Advanced Micro Devices, Inc. All Rights Reserved.
---------------------------------------------------------------------------------------------------------------------------------------------
| Tool Version : Vivado v.2025.2 (win64) Build 6299465 Fri Nov 14 19:35:11 GMT 2025
| Date         : Thu May 14 10:18:46 2026
| Host         : DESKTOP-HTVV1N1 running 64-bit major release  (build 9200)
| Command      : upgrade_ip
| Device       : xc7a35tcpg236-1
---------------------------------------------------------------------------------------------------------------------------------------------

Upgrade Log for IP 'bdesign_clock_core_i2s_0_0'

1. Summary
----------

SUCCESS in the update of bdesign_clock_core_i2s_0_0 (xilinx.com:user:i2s:1.0 (Rev. 13)) to current project options.






Copyright 1986-2022 Xilinx, Inc. All Rights Reserved. Copyright 2022-2025 Advanced Micro Devices, Inc. All Rights Reserved.
---------------------------------------------------------------------------------------------------------------------------------------------
| Tool Version : Vivado v.2025.2 (win64) Build 6299465 Fri Nov 14 19:35:11 GMT 2025
| Date         : Wed May 13 21:27:29 2026
| Host         : DESKTOP-HTVV1N1 running 64-bit major release  (build 9200)
| Command      : upgrade_ip
| Device       : xc7a35tcpg236-1
---------------------------------------------------------------------------------------------------------------------------------------------

Upgrade Log for IP 'bdesign_clock_core_i2s_0_0'

1. Summary
----------

SUCCESS in the update of bdesign_clock_core_i2s_0_0 (xilinx.com:user:i2s:1.0 (Rev. 13)) to current project options.






Copyright 1986-2022 Xilinx, Inc. All Rights Reserved. Copyright 2022-2025 Advanced Micro Devices, Inc. All Rights Reserved.
---------------------------------------------------------------------------------------------------------------------------------------------
| Tool Version : Vivado v.2025.2 (win64) Build 6299465 Fri Nov 14 19:35:11 GMT 2025
| Date         : Wed May 13 21:03:56 2026
| Host         : DESKTOP-HTVV1N1 running 64-bit major release  (build 9200)
| Command      : upgrade_ip
| Device       : xc7a35tcpg236-1
---------------------------------------------------------------------------------------------------------------------------------------------

Upgrade Log for IP 'bdesign_clock_core_i2s_0_0'

1. Summary
----------

SUCCESS in the update of bdesign_clock_core_i2s_0_0 (xilinx.com:user:i2s:1.0 (Rev. 13)) to current project options.






Copyright 1986-2022 Xilinx, Inc. All Rights Reserved. Copyright 2022-2025 Advanced Micro Devices, Inc. All Rights Reserved.
---------------------------------------------------------------------------------------------------------------------------------------------
| Tool Version : Vivado v.2025.2 (win64) Build 6299465 Fri Nov 14 19:35:11 GMT 2025
| Date         : Wed May 13 20:07:02 2026
| Host         : DESKTOP-HTVV1N1 running 64-bit major release  (build 9200)
| Command      : upgrade_ip
| Device       : xc7a35tcpg236-1
---------------------------------------------------------------------------------------------------------------------------------------------

Upgrade Log for IP 'bdesign_clock_core_i2s_0_0'

1. Summary
----------

SUCCESS in the update of bdesign_clock_core_i2s_0_0 (xilinx.com:user:i2s:1.0 (Rev. 13)) to current project options.






Copyright 1986-2022 Xilinx, Inc. All Rights Reserved. Copyright 2022-2025 Advanced Micro Devices, Inc. All Rights Reserved.
---------------------------------------------------------------------------------------------------------------------------------------------
| Tool Version : Vivado v.2025.2 (win64) Build 6299465 Fri Nov 14 19:35:11 GMT 2025
| Date         : Wed May 13 20:04:14 2026
| Host         : DESKTOP-HTVV1N1 running 64-bit major release  (build 9200)
| Command      : upgrade_ip
| Device       : xc7a35tcpg236-1
---------------------------------------------------------------------------------------------------------------------------------------------

Upgrade Log for IP 'bdesign_clock_core_i2s_0_0'

1. Summary
----------

SUCCESS in the update of bdesign_clock_core_i2s_0_0 (xilinx.com:user:i2s:1.0 (Rev. 13)) to current project options.






Copyright 1986-2022 Xilinx, Inc. All Rights Reserved. Copyright 2022-2025 Advanced Micro Devices, Inc. All Rights Reserved.
---------------------------------------------------------------------------------------------------------------------------------------------
| Tool Version : Vivado v.2025.2 (win64) Build 6299465 Fri Nov 14 19:35:11 GMT 2025
| Date         : Wed May 13 17:10:03 2026
| Host         : DESKTOP-HTVV1N1 running 64-bit major release  (build 9200)
| Command      : upgrade_ip
| Device       : xc7a35tcpg236-1
---------------------------------------------------------------------------------------------------------------------------------------------

Upgrade Log for IP 'bdesign_clock_core_i2s_0_0'

1. Summary
----------

SUCCESS in the update of bdesign_clock_core_i2s_0_0 (xilinx.com:user:i2s:1.0 (Rev. 13)) to current project options.






Copyright 1986-2022 Xilinx, Inc. All Rights Reserved. Copyright 2022-2025 Advanced Micro Devices, Inc. All Rights Reserved.
---------------------------------------------------------------------------------------------------------------------------------------------
| Tool Version : Vivado v.2025.2 (win64) Build 6299465 Fri Nov 14 19:35:11 GMT 2025
| Date         : Wed May 13 13:15:59 2026
| Host         : DESKTOP-HTVV1N1 running 64-bit major release  (build 9200)
| Command      : upgrade_ip
| Device       : xc7a35tcpg236-1
---------------------------------------------------------------------------------------------------------------------------------------------

Upgrade Log for IP 'bdesign_clock_core_i2s_0_0'

1. Summary
----------

SUCCESS in the update of bdesign_clock_core_i2s_0_0 (xilinx.com:user:i2s:1.0 (Rev. 13)) to current project options.

